#-----------------------------------------------------------
# Vivado v2024.2 (64-bit)
# SW Build 5239630 on Fri Nov 08 22:35:27 MST 2024
# IP Build 5239520 on Sun Nov 10 16:12:51 MST 2024
# SharedData Build 5239561 on Fri Nov 08 14:39:27 MST 2024
# Start of session at: Sun Nov  9 14:59:58 2025
# Process ID         : 25256
# Current directory  : D:/UTCN/AN_3/Semestru1/SSC/Proiect/Semafor_Inteligent/Semafor_Inteligent.runs/design_1_axi_gpio_0_3_synth_1
# Command line       : vivado.exe -log design_1_axi_gpio_0_3.vds -product Vivado -mode batch -messageDb vivado.pb -notrace -source design_1_axi_gpio_0_3.tcl
# Log file           : D:/UTCN/AN_3/Semestru1/SSC/Proiect/Semafor_Inteligent/Semafor_Inteligent.runs/design_1_axi_gpio_0_3_synth_1/design_1_axi_gpio_0_3.vds
# Journal file       : D:/UTCN/AN_3/Semestru1/SSC/Proiect/Semafor_Inteligent/Semafor_Inteligent.runs/design_1_axi_gpio_0_3_synth_1\vivado.jou
# Running On         : LAPTOP-RD189EMT
# Platform           : Windows Server 2016 or Windows 10
# Operating System   : 26200
# Processor Detail   : Intel(R) Core(TM) i5-10210U CPU @ 1.60GHz
# CPU Frequency      : 2112 MHz
# CPU Physical cores : 4
# CPU Logical cores  : 8
# Host memory        : 8415 MB
# Swap memory        : 13958 MB
# Total Virtual      : 22373 MB
# Available Virtual  : 8266 MB
#-----------------------------------------------------------
source design_1_axi_gpio_0_3.tcl -notrace
